This is pdfTeX, Version 3.141592653-2.6-1.40.27 (TeX Live 2025) (preloaded format=pdflatex 2025.10.31)  20 DEC 2025 23:50
entering extended mode
 restricted \write18 enabled.
 file:line:error style messages enabled.
 %&-line parsing enabled.
**/Users/dangnguyen/Downloads/ML_Bonus_Report/main.tex
(/Users/dangnguyen/Downloads/ML_Bonus_Report/main.tex
LaTeX2e <2024-11-01> patch level 2
L3 programming layer <2025-01-18>
(/usr/local/texlive/2025/texmf-dist/tex/latex/pdfmanagement-testphase/pdfmanagement-testphase.sty
Package: pdfmanagement-testphase 2025-02-15 v0.96p LaTeX PDF management testphase bundle
 (/usr/local/texlive/2025/texmf-dist/tex/latex/tagpdf/tagpdf-base.sty
Package: tagpdf-base 2025-03-05 v0.99o part of tagpdf - provide base, no-op versions of the user commands 
\c@g__tag_MCID_abs_int=\count196
\c@g__tag_struct_abs_int=\count197
) (/usr/local/texlive/2025/texmf-dist/tex/latex/pdfmanagement-testphase/pdfmanagement-testphase.ltx
File: pdfmanagement-testphase.ltx 2025-02-15 v0.96p PDF management code (testphase)
\g__pdfmanagement_EmbeddedFiles_int=\count198
\l__pdfmeta_xmp_indent_int=\count199
\g_pdffile_embed_pdfa_int=\count266
\g_pdffile_embed_nonpdfa_int=\count267
)) (/usr/local/texlive/2025/texmf-dist/tex/latex/latex-lab/documentmetadata-support.ltx) (/usr/local/texlive/2025/texmf-dist/tex/latex/l3backend/l3backend-pdftex.def
File: l3backend-pdftex.def 2024-05-08 L3 backend support: PDF output (pdfTeX)
\l__color_backend_stack_int=\count268
\l__pdf_internal_box=\box52
) (/usr/local/texlive/2025/texmf-dist/tex/latex/pdfmanagement-testphase/l3backend-testphase-pdftex.def
File: l3backend-testphase-pdftex.def 2025-02-15 LaTeX PDF management testphase bundle backend support:PDFoutput(pdfTeX)
\l__pdf_backend_tmpa_box=\box53
\l__pdf_backend_tmpb_box=\box54
\g__pdf_backend_resourceid_int=\count269
\g__pdf_backend_name_int=\count270
\g__pdf_backend_page_int=\count271
) (/usr/local/texlive/2025/texmf-dist/tex/latex/pdfmanagement-testphase/pdfmanagement-firstaid.sty
Package: pdfmanagement-firstaid 2025-02-15 v0.96p LaTeX PDF management testphase bundle / firstaid-patches

Package pdfmanagement Info: loading pdfmanagement firstaid code for pgf

) (/usr/local/texlive/2025/texmf-dist/tex/latex/base/article.cls
Document Class: article 2024/06/29 v1.4n Standard LaTeX document class
(/usr/local/texlive/2025/texmf-dist/tex/latex/base/size12.clo
File: size12.clo 2024/06/29 v1.4n Standard LaTeX file (size option)
)
\c@part=\count272
\c@section=\count273
\c@subsection=\count274
\c@subsubsection=\count275
\c@paragraph=\count276
\c@subparagraph=\count277
\c@figure=\count278
\c@table=\count279
\abovecaptionskip=\skip49
\belowcaptionskip=\skip50
\bibindent=\dimen141
) (/usr/local/texlive/2025/texmf-dist/tex/latex/amsmath/amsmath.sty
Package: amsmath 2024/11/05 v2.17t AMS math features
\@mathmargin=\skip51

For additional information on amsmath, use the `?' option.
(/usr/local/texlive/2025/texmf-dist/tex/latex/amsmath/amstext.sty
Package: amstext 2021/08/26 v2.01 AMS text
 (/usr/local/texlive/2025/texmf-dist/tex/latex/amsmath/amsgen.sty
File: amsgen.sty 1999/11/30 v2.0 generic functions
\@emptytoks=\toks17
\ex@=\dimen142
)) (/usr/local/texlive/2025/texmf-dist/tex/latex/amsmath/amsbsy.sty
Package: amsbsy 1999/11/29 v1.2d Bold Symbols
\pmbraise@=\dimen143
) (/usr/local/texlive/2025/texmf-dist/tex/latex/amsmath/amsopn.sty
Package: amsopn 2022/04/08 v2.04 operator names
)
\inf@bad=\count280
LaTeX Info: Redefining \frac on input line 233.
\uproot@=\count281
\leftroot@=\count282
LaTeX Info: Redefining \overline on input line 398.
LaTeX Info: Redefining \colon on input line 409.
\classnum@=\count283
\DOTSCASE@=\count284
LaTeX Info: Redefining \ldots on input line 495.
LaTeX Info: Redefining \dots on input line 498.
LaTeX Info: Redefining \cdots on input line 619.
\Mathstrutbox@=\box55
\strutbox@=\box56
LaTeX Info: Redefining \big on input line 721.
LaTeX Info: Redefining \Big on input line 722.
LaTeX Info: Redefining \bigg on input line 723.
LaTeX Info: Redefining \Bigg on input line 724.
\big@size=\dimen144
LaTeX Font Info:    Redeclaring font encoding OML on input line 742.
LaTeX Font Info:    Redeclaring font encoding OMS on input line 743.
\macc@depth=\count285
LaTeX Info: Redefining \bmod on input line 904.
LaTeX Info: Redefining \pmod on input line 909.
LaTeX Info: Redefining \smash on input line 939.
LaTeX Info: Redefining \relbar on input line 969.
LaTeX Info: Redefining \Relbar on input line 970.
\c@MaxMatrixCols=\count286
\dotsspace@=\muskip17
\c@parentequation=\count287
\dspbrk@lvl=\count288
\tag@help=\toks18
\row@=\count289
\column@=\count290
\maxfields@=\count291
\andhelp@=\toks19
\eqnshift@=\dimen145
\alignsep@=\dimen146
\tagshift@=\dimen147
\tagwidth@=\dimen148
\totwidth@=\dimen149
\lineht@=\dimen150
\@envbody=\toks20
\multlinegap=\skip52
\multlinetaggap=\skip53
\mathdisplay@stack=\toks21
LaTeX Info: Redefining \[ on input line 2953.
LaTeX Info: Redefining \] on input line 2954.
) (/usr/local/texlive/2025/texmf-dist/tex/latex/svg/svg.sty
Package: svg 2020/11/26 v2.02k (include SVG pictures)
 (/usr/local/texlive/2025/texmf-dist/tex/generic/iftex/iftex.sty
Package: iftex 2024/12/12 v1.0g TeX engine tests
) (/usr/local/texlive/2025/texmf-dist/tex/latex/koma-script/scrbase.sty
Package: scrbase 2024/10/24 v3.43 KOMA-Script package (KOMA-Script-independent basics and keyval usage)
 (/usr/local/texlive/2025/texmf-dist/tex/latex/koma-script/scrlfile.sty
Package: scrlfile 2024/10/24 v3.43 KOMA-Script package (file load hooks)
 (/usr/local/texlive/2025/texmf-dist/tex/latex/koma-script/scrlfile-hook.sty
Package: scrlfile-hook 2024/10/24 v3.43 KOMA-Script package (using LaTeX hooks)
 (/usr/local/texlive/2025/texmf-dist/tex/latex/koma-script/scrlogo.sty
Package: scrlogo 2024/10/24 v3.43 KOMA-Script package (logo)
))) (/usr/local/texlive/2025/texmf-dist/tex/latex/graphics/keyval.sty
Package: keyval 2022/05/29 v1.15 key=value parser (DPC)
\KV@toks@=\toks22
)
Applying: [2021/05/01] Usage of raw or classic option list on input line 254.
Already applied: [0000/00/00] Usage of raw or classic option list on input line 370.
) (/usr/local/texlive/2025/texmf-dist/tex/generic/pdftexcmds/pdftexcmds.sty
Package: pdftexcmds 2020-06-27 v0.33 Utility functions of pdfTeX for LuaTeX (HO)
 (/usr/local/texlive/2025/texmf-dist/tex/generic/infwarerr/infwarerr.sty
Package: infwarerr 2019/12/03 v1.5 Providing info/warning/error messages (HO)
) (/usr/local/texlive/2025/texmf-dist/tex/generic/ltxcmds/ltxcmds.sty
Package: ltxcmds 2023-12-04 v1.26 LaTeX kernel commands for general use (HO)
)
Package pdftexcmds Info: \pdf@primitive is available.
Package pdftexcmds Info: \pdf@ifprimitive is available.
Package pdftexcmds Info: \pdfdraftmode found.
) (/usr/local/texlive/2025/texmf-dist/tex/latex/trimspaces/trimspaces.sty
Package: trimspaces 2009/09/17 v1.1 Trim spaces around a token list
) (/usr/local/texlive/2025/texmf-dist/tex/latex/graphics/graphicx.sty
Package: graphicx 2021/09/16 v1.2d Enhanced LaTeX Graphics (DPC,SPQR)
 (/usr/local/texlive/2025/texmf-dist/tex/latex/graphics/graphics.sty
Package: graphics 2024/08/06 v1.4g Standard LaTeX Graphics (DPC,SPQR)
 (/usr/local/texlive/2025/texmf-dist/tex/latex/graphics/trig.sty
Package: trig 2023/12/02 v1.11 sin cos tan (DPC)
) (/usr/local/texlive/2025/texmf-dist/tex/latex/graphics-cfg/graphics.cfg
File: graphics.cfg 2016/06/04 v1.11 sample graphics configuration
)
Package graphics Info: Driver file: pdftex.def on input line 106.
 (/usr/local/texlive/2025/texmf-dist/tex/latex/graphics-def/pdftex.def
File: pdftex.def 2024/04/13 v1.2c Graphics/color driver for pdftex
))
\Gin@req@height=\dimen151
\Gin@req@width=\dimen152
) (/usr/local/texlive/2025/texmf-dist/tex/latex/tools/shellesc.sty
Package: shellesc 2023/07/08 v1.0d unified shell escape interface for LaTeX
Package shellesc Info: Restricted shell escape enabled on input line 77.
)
\c@svg@param@lastpage=\count292
\svg@box=\box57
\c@svg@param@currpage=\count293
) (/usr/local/texlive/2025/texmf-dist/tex/latex/xcolor/xcolor.sty
Package: xcolor 2024/09/29 v3.02 LaTeX color extensions (UK)
 (/usr/local/texlive/2025/texmf-dist/tex/latex/graphics-cfg/color.cfg
File: color.cfg 2016/01/02 v1.6 sample color configuration
)
Package xcolor Info: Driver file: pdftex.def on input line 274.
 (/usr/local/texlive/2025/texmf-dist/tex/latex/graphics/mathcolor.ltx)
Package xcolor Info: Model `cmy' substituted by `cmy0' on input line 1349.
Package xcolor Info: Model `hsb' substituted by `rgb' on input line 1353.
Package xcolor Info: Model `RGB' extended on input line 1365.
Package xcolor Info: Model `HTML' substituted by `rgb' on input line 1367.
Package xcolor Info: Model `Hsb' substituted by `hsb' on input line 1368.
Package xcolor Info: Model `tHsb' substituted by `hsb' on input line 1369.
Package xcolor Info: Model `HSB' substituted by `hsb' on input line 1370.
Package xcolor Info: Model `Gray' substituted by `gray' on input line 1371.
Package xcolor Info: Model `wave' substituted by `hsb' on input line 1372.
) (/usr/local/texlive/2025/texmf-dist/tex/latex/pdfmanagement-testphase/xcolor-patches-tmp-ltx.sty
Package: xcolor-patches-tmp-ltx 2025-02-15 v0.96p patch xcolor for l3color
) (/usr/local/texlive/2025/texmf-dist/tex/latex/transparent/transparent.sty
Package: transparent 2022-10-27 v1.5 Transparency with color stacks
 (/usr/local/texlive/2025/texmf-dist/tex/latex/l3experimental/l3opacity/l3opacity.sty (/usr/local/texlive/2025/texmf-dist/tex/latex/l3kernel/expl3.sty
Package: expl3 2025-01-18 L3 programming layer (loader) 
)
Package: l3opacity 2024-03-14 L3 Experimental opacity support
)) (/usr/local/texlive/2025/texmf-dist/tex/latex/pgf/systemlayer/pgfsys.sty (/usr/local/texlive/2025/texmf-dist/tex/latex/pgf/utilities/pgfrcs.sty (/usr/local/texlive/2025/texmf-dist/tex/generic/pgf/utilities/pgfutil-common.tex
\pgfutil@everybye=\toks23
\pgfutil@tempdima=\dimen153
\pgfutil@tempdimb=\dimen154
) (/usr/local/texlive/2025/texmf-dist/tex/generic/pgf/utilities/pgfutil-latex.def
\pgfutil@abb=\box58
) (/usr/local/texlive/2025/texmf-dist/tex/generic/pgf/utilities/pgfrcs.code.tex (/usr/local/texlive/2025/texmf-dist/tex/generic/pgf/pgf.revision.tex)
Package: pgfrcs 2023-01-15 v3.1.10 (3.1.10)
)) (/usr/local/texlive/2025/texmf-dist/tex/generic/pgf/systemlayer/pgfsys.code.tex
Package: pgfsys 2023-01-15 v3.1.10 (3.1.10)
 (/usr/local/texlive/2025/texmf-dist/tex/generic/pgf/utilities/pgfkeys.code.tex
\pgfkeys@pathtoks=\toks24
\pgfkeys@temptoks=\toks25
 (/usr/local/texlive/2025/texmf-dist/tex/generic/pgf/utilities/pgfkeyslibraryfiltered.code.tex
\pgfkeys@tmptoks=\toks26
))
\pgf@x=\dimen155
\pgf@y=\dimen156
\pgf@xa=\dimen157
\pgf@ya=\dimen158
\pgf@xb=\dimen159
\pgf@yb=\dimen160
\pgf@xc=\dimen161
\pgf@yc=\dimen162
\pgf@xd=\dimen163
\pgf@yd=\dimen164
\w@pgf@writea=\write3
\r@pgf@reada=\read2
\c@pgf@counta=\count294
\c@pgf@countb=\count295
\c@pgf@countc=\count296
\c@pgf@countd=\count297
\t@pgf@toka=\toks27
\t@pgf@tokb=\toks28
\t@pgf@tokc=\toks29
\pgf@sys@id@count=\count298
 (/usr/local/texlive/2025/texmf-dist/tex/generic/pgf/systemlayer/pgf.cfg
File: pgf.cfg 2023-01-15 v3.1.10 (3.1.10)
)
Driver file for pgf: pgfsys-pdftex.def
 (/usr/local/texlive/2025/texmf-dist/tex/generic/pgf/systemlayer/pgfsys-pdftex.def
File: pgfsys-pdftex.def 2023-01-15 v3.1.10 (3.1.10)
 (/usr/local/texlive/2025/texmf-dist/tex/generic/pgf/systemlayer/pgfsys-common-pdf.def
File: pgfsys-common-pdf.def 2023-01-15 v3.1.10 (3.1.10)
))) (/usr/local/texlive/2025/texmf-dist/tex/generic/pgf/systemlayer/pgfsyssoftpath.code.tex
File: pgfsyssoftpath.code.tex 2023-01-15 v3.1.10 (3.1.10)
\pgfsyssoftpath@smallbuffer@items=\count299
\pgfsyssoftpath@bigbuffer@items=\count300
) (/usr/local/texlive/2025/texmf-dist/tex/generic/pgf/systemlayer/pgfsysprotocol.code.tex
File: pgfsysprotocol.code.tex 2023-01-15 v3.1.10 (3.1.10)
)) (/usr/local/texlive/2025/texmf-dist/tex/latex/pdflscape/pdflscape.sty
Package: pdflscape 2022-10-27 v0.13 Display of landscape pages in PDF
 (/usr/local/texlive/2025/texmf-dist/tex/latex/graphics/lscape.sty
Package: lscape 2020/05/28 v3.02 Landscape Pages (DPC)
)) (/usr/local/texlive/2025/texmf-dist/tex/latex/lipsum/lipsum.sty (/usr/local/texlive/2025/texmf-dist/tex/latex/l3packages/l3keys2e/l3keys2e.sty
Package: l3keys2e 2024-08-16 LaTeX2e option processing using LaTeX3 keys
)
Package: lipsum 2021-09-20 v2.7 150 paragraphs of Lorem Ipsum dummy text
\g__lipsum_par_int=\count301
\l__lipsum_a_int=\count302
\l__lipsum_b_int=\count303
 (/usr/local/texlive/2025/texmf-dist/tex/latex/lipsum/lipsum.ltd.tex)) (/usr/local/texlive/2025/texmf-dist/tex/latex/epigraph/epigraph.sty
Package: epigraph 2020/01/02 v1.5e typesetting epigraphs
 (/usr/local/texlive/2025/texmf-dist/tex/latex/nextpage/nextpage.sty
Package: nextpage 2009/09/03 v1.1a additional page commands
)
\beforeepigraphskip=\skip54
\afterepigraphskip=\skip55
\epigraphwidth=\skip56
\epigraphrule=\skip57
) (/usr/local/texlive/2025/texmf-dist/tex/latex/amsfonts/amsfonts.sty
Package: amsfonts 2013/01/14 v3.01 Basic AMSFonts support
\symAMSa=\mathgroup4
\symAMSb=\mathgroup5
LaTeX Font Info:    Redeclaring math symbol \hbar on input line 98.
LaTeX Font Info:    Overwriting math alphabet `\mathfrak' in version `bold'
(Font)                  U/euf/m/n --> U/euf/b/n on input line 106.
) (/usr/local/texlive/2025/texmf-dist/tex/latex/float/float.sty
Package: float 2001/11/08 v1.3d Float enhancements (AL)
\c@float@type=\count304
\float@exts=\toks30
\float@box=\box59
\@float@everytoks=\toks31
\@floatcapt=\box60
) (/usr/local/texlive/2025/texmf-dist/tex/latex/fancyhdr/fancyhdr.sty
Package: fancyhdr 2025/02/07 v5.2 Extensive control of page headers and footers
\f@nch@headwidth=\skip58
\f@nch@offset@elh=\skip59
\f@nch@offset@erh=\skip60
\f@nch@offset@olh=\skip61
\f@nch@offset@orh=\skip62
\f@nch@offset@elf=\skip63
\f@nch@offset@erf=\skip64
\f@nch@offset@olf=\skip65
\f@nch@offset@orf=\skip66
\f@nch@height=\skip67
\f@nch@footalignment=\skip68
\f@nch@widthL=\skip69
\f@nch@widthC=\skip70
\f@nch@widthR=\skip71
\@temptokenb=\toks32
) (/usr/local/texlive/2025/texmf-dist/tex/latex/setspace/setspace.sty
Package: setspace 2022/12/04 v6.7b set line spacing
) (/usr/local/texlive/2025/texmf-dist/tex/latex/hyperref/hyperref.sty
Package: hyperref 2024-11-05 v7.01l Hypertext links for LaTeX
 (/usr/local/texlive/2025/texmf-dist/tex/latex/kvsetkeys/kvsetkeys.sty
Package: kvsetkeys 2022-10-05 v1.19 Key value parser (HO)
) (/usr/local/texlive/2025/texmf-dist/tex/generic/kvdefinekeys/kvdefinekeys.sty
Package: kvdefinekeys 2019-12-19 v1.6 Define keys (HO)
) (/usr/local/texlive/2025/texmf-dist/tex/generic/pdfescape/pdfescape.sty
Package: pdfescape 2019/12/09 v1.15 Implements pdfTeX's escape features (HO)
) (/usr/local/texlive/2025/texmf-dist/tex/latex/hycolor/hycolor.sty
Package: hycolor 2020-01-27 v1.10 Color options for hyperref/bookmark (HO)
) (/usr/local/texlive/2025/texmf-dist/tex/latex/hyperref/nameref.sty
Package: nameref 2023-11-26 v2.56 Cross-referencing by name of section
 (/usr/local/texlive/2025/texmf-dist/tex/latex/refcount/refcount.sty
Package: refcount 2019/12/15 v3.6 Data extraction from label references (HO)
) (/usr/local/texlive/2025/texmf-dist/tex/generic/gettitlestring/gettitlestring.sty
Package: gettitlestring 2019/12/15 v1.6 Cleanup title references (HO)
 (/usr/local/texlive/2025/texmf-dist/tex/latex/kvoptions/kvoptions.sty
Package: kvoptions 2022-06-15 v3.15 Key value format for package options (HO)
))
\c@section@level=\count305
) (/usr/local/texlive/2025/texmf-dist/tex/latex/etoolbox/etoolbox.sty
Package: etoolbox 2025/02/11 v2.5l e-TeX tools for LaTeX (JAW)
\etb@tempcnta=\count306
) (/usr/local/texlive/2025/texmf-dist/tex/generic/stringenc/stringenc.sty
Package: stringenc 2019/11/29 v1.12 Convert strings between diff. encodings (HO)
)
\@linkdim=\dimen165
\Hy@linkcounter=\count307
\Hy@pagecounter=\count308
 (/usr/local/texlive/2025/texmf-dist/tex/latex/hyperref/pd1enc.def
File: pd1enc.def 2024-11-05 v7.01l Hyperref: PDFDocEncoding definition (HO)
Now handling font encoding PD1 ...
... no UTF-8 mapping file for font encoding PD1
) (/usr/local/texlive/2025/texmf-dist/tex/generic/intcalc/intcalc.sty
Package: intcalc 2019/12/15 v1.3 Expandable calculations with integers (HO)
)
\Hy@SavedSpaceFactor=\count309
 (/usr/local/texlive/2025/texmf-dist/tex/latex/hyperref/puenc.def
File: puenc.def 2024-11-05 v7.01l Hyperref: PDF Unicode definition (HO)
Now handling font encoding PU ...
... no UTF-8 mapping file for font encoding PU
)
Package hyperref Info: Option `colorlinks' set `true' on input line 4040.
Package hyperref Info: Hyper figures OFF on input line 4157.
Package hyperref Info: Link nesting OFF on input line 4162.
Package hyperref Info: Hyper index ON on input line 4165.
Package hyperref Info: Plain pages OFF on input line 4172.
Package hyperref Info: Backreferencing OFF on input line 4177.
Package hyperref Info: Implicit mode ON; LaTeX internals redefined.
Package hyperref Info: Bookmarks ON on input line 4424.
\c@Hy@tempcnt=\count310
 (/usr/local/texlive/2025/texmf-dist/tex/latex/url/url.sty
\Urlmuskip=\muskip18
Package: url 2013/09/16  ver 3.4  Verb mode for urls, etc.
)
LaTeX Info: Redefining \url on input line 4763.
\XeTeXLinkMargin=\dimen166
 (/usr/local/texlive/2025/texmf-dist/tex/generic/bitset/bitset.sty
Package: bitset 2019/12/09 v1.3 Handle bit-vector datatype (HO)
 (/usr/local/texlive/2025/texmf-dist/tex/generic/bigintcalc/bigintcalc.sty
Package: bigintcalc 2019/12/15 v1.5 Expandable calculations on big integers (HO)
))
\Fld@menulength=\count311
\Field@Width=\dimen167
\Fld@charsize=\dimen168
Package hyperref Info: Hyper figures OFF on input line 6042.
Package hyperref Info: Link nesting OFF on input line 6047.
Package hyperref Info: Hyper index ON on input line 6050.
Package hyperref Info: backreferencing OFF on input line 6057.
Package hyperref Info: Link coloring ON on input line 6060.
Package hyperref Info: Link coloring with OCG OFF on input line 6067.
Package hyperref Info: PDF/A mode OFF on input line 6072.
 (/usr/local/texlive/2025/texmf-dist/tex/latex/base/atbegshi-ltx.sty
Package: atbegshi-ltx 2021/01/10 v1.0c Emulation of the original atbegshi
package with kernel methods
)
\Hy@abspage=\count312
\c@Item=\count313
\c@Hfootnote=\count314
)
Package hyperref Info: Driver (custom): hgeneric-testphase.
 (/usr/local/texlive/2025/texmf-dist/tex/latex/pdfmanagement-testphase/hgeneric-testphase.def
File: hgeneric-testphase.def 2025-02-15 v0.96p generic Hyperref driver for the LaTeX PDF management testphase bundle
 (/usr/local/texlive/2025/texmf-dist/tex/latex/pdfmanagement-testphase/hyperref-colorschemes.def)
LaTeX Info: Redefining \href on input line 275.
LaTeX Info: Redefining \url on input line 361.
\l__hyp_tmpa_box=\box61
\l__hyp_tmpa_int=\count315
\l__hyp_dest_box=\box62
\g__hyp_linknestlevel_int=\count316
\HyAnn@Count=\count317
\Fld@listcount=\count318
\Hy@SectionHShift=\skip72
LaTeX Info: Redefining \Hy__hypSectionAnchor on input line 3559.
) (/usr/local/texlive/2025/texmf-dist/tex/latex/geometry/geometry.sty
Package: geometry 2020/01/02 v5.9 Page Geometry
 (/usr/local/texlive/2025/texmf-dist/tex/generic/iftex/ifvtex.sty
Package: ifvtex 2019/10/25 v1.7 ifvtex legacy package. Use iftex instead.
)
\Gm@cnth=\count319
\Gm@cntv=\count320
\c@Gm@tempcnt=\count321
\Gm@bindingoffset=\dimen169
\Gm@wd@mp=\dimen170
\Gm@odd@mp=\dimen171
\Gm@even@mp=\dimen172
\Gm@layoutwidth=\dimen173
\Gm@layoutheight=\dimen174
\Gm@layouthoffset=\dimen175
\Gm@layoutvoffset=\dimen176
\Gm@dimlist=\toks33
) (/usr/local/texlive/2025/texmf-dist/tex/latex/pgf/frontendlayer/tikz.sty (/usr/local/texlive/2025/texmf-dist/tex/latex/pgf/basiclayer/pgf.sty
Package: pgf 2023-01-15 v3.1.10 (3.1.10)
 (/usr/local/texlive/2025/texmf-dist/tex/latex/pgf/basiclayer/pgfcore.sty (/usr/local/texlive/2025/texmf-dist/tex/generic/pgf/basiclayer/pgfcore.code.tex
Package: pgfcore 2023-01-15 v3.1.10 (3.1.10)
 (/usr/local/texlive/2025/texmf-dist/tex/generic/pgf/math/pgfmath.code.tex (/usr/local/texlive/2025/texmf-dist/tex/generic/pgf/math/pgfmathutil.code.tex) (/usr/local/texlive/2025/texmf-dist/tex/generic/pgf/math/pgfmathparser.code.tex
\pgfmath@dimen=\dimen177
\pgfmath@count=\count322
\pgfmath@box=\box63
\pgfmath@toks=\toks34
\pgfmath@stack@operand=\toks35
\pgfmath@stack@operation=\toks36
) (/usr/local/texlive/2025/texmf-dist/tex/generic/pgf/math/pgfmathfunctions.code.tex) (/usr/local/texlive/2025/texmf-dist/tex/generic/pgf/math/pgfmathfunctions.basic.code.tex) (/usr/local/texlive/2025/texmf-dist/tex/generic/pgf/math/pgfmathfunctions.trigonometric.code.tex) (/usr/local/texlive/2025/texmf-dist/tex/generic/pgf/math/pgfmathfunctions.random.code.tex) (/usr/local/texlive/2025/texmf-dist/tex/generic/pgf/math/pgfmathfunctions.comparison.code.tex) (/usr/local/texlive/2025/texmf-dist/tex/generic/pgf/math/pgfmathfunctions.base.code.tex) (/usr/local/texlive/2025/texmf-dist/tex/generic/pgf/math/pgfmathfunctions.round.code.tex) (/usr/local/texlive/2025/texmf-dist/tex/generic/pgf/math/pgfmathfunctions.misc.code.tex) (/usr/local/texlive/2025/texmf-dist/tex/generic/pgf/math/pgfmathfunctions.integerarithmetics.code.tex) (/usr/local/texlive/2025/texmf-dist/tex/generic/pgf/math/pgfmathcalc.code.tex) (/usr/local/texlive/2025/texmf-dist/tex/generic/pgf/math/pgfmathfloat.code.tex
\c@pgfmathroundto@lastzeros=\count323
)) (/usr/local/texlive/2025/texmf-dist/tex/generic/pgf/math/pgfint.code.tex) (/usr/local/texlive/2025/texmf-dist/tex/generic/pgf/basiclayer/pgfcorepoints.code.tex
File: pgfcorepoints.code.tex 2023-01-15 v3.1.10 (3.1.10)
\pgf@picminx=\dimen178
\pgf@picmaxx=\dimen179
\pgf@picminy=\dimen180
\pgf@picmaxy=\dimen181
\pgf@pathminx=\dimen182
\pgf@pathmaxx=\dimen183
\pgf@pathminy=\dimen184
\pgf@pathmaxy=\dimen185
\pgf@xx=\dimen186
\pgf@xy=\dimen187
\pgf@yx=\dimen188
\pgf@yy=\dimen189
\pgf@zx=\dimen190
\pgf@zy=\dimen191
) (/usr/local/texlive/2025/texmf-dist/tex/generic/pgf/basiclayer/pgfcorepathconstruct.code.tex
File: pgfcorepathconstruct.code.tex 2023-01-15 v3.1.10 (3.1.10)
\pgf@path@lastx=\dimen192
\pgf@path@lasty=\dimen193
) (/usr/local/texlive/2025/texmf-dist/tex/generic/pgf/basiclayer/pgfcorepathusage.code.tex
File: pgfcorepathusage.code.tex 2023-01-15 v3.1.10 (3.1.10)
\pgf@shorten@end@additional=\dimen194
\pgf@shorten@start@additional=\dimen195
) (/usr/local/texlive/2025/texmf-dist/tex/generic/pgf/basiclayer/pgfcorescopes.code.tex
File: pgfcorescopes.code.tex 2023-01-15 v3.1.10 (3.1.10)
\pgfpic=\box64
\pgf@hbox=\box65
\pgf@layerbox@main=\box66
\pgf@picture@serial@count=\count324
) (/usr/local/texlive/2025/texmf-dist/tex/generic/pgf/basiclayer/pgfcoregraphicstate.code.tex
File: pgfcoregraphicstate.code.tex 2023-01-15 v3.1.10 (3.1.10)
\pgflinewidth=\dimen196
) (/usr/local/texlive/2025/texmf-dist/tex/generic/pgf/basiclayer/pgfcoretransformations.code.tex
File: pgfcoretransformations.code.tex 2023-01-15 v3.1.10 (3.1.10)
\pgf@pt@x=\dimen197
\pgf@pt@y=\dimen198
\pgf@pt@temp=\dimen199
) (/usr/local/texlive/2025/texmf-dist/tex/generic/pgf/basiclayer/pgfcorequick.code.tex
File: pgfcorequick.code.tex 2023-01-15 v3.1.10 (3.1.10)
) (/usr/local/texlive/2025/texmf-dist/tex/generic/pgf/basiclayer/pgfcoreobjects.code.tex
File: pgfcoreobjects.code.tex 2023-01-15 v3.1.10 (3.1.10)
) (/usr/local/texlive/2025/texmf-dist/tex/generic/pgf/basiclayer/pgfcorepathprocessing.code.tex
File: pgfcorepathprocessing.code.tex 2023-01-15 v3.1.10 (3.1.10)
) (/usr/local/texlive/2025/texmf-dist/tex/generic/pgf/basiclayer/pgfcorearrows.code.tex
File: pgfcorearrows.code.tex 2023-01-15 v3.1.10 (3.1.10)
\pgfarrowsep=\dimen256
) (/usr/local/texlive/2025/texmf-dist/tex/generic/pgf/basiclayer/pgfcoreshade.code.tex
File: pgfcoreshade.code.tex 2023-01-15 v3.1.10 (3.1.10)
\pgf@max=\dimen257
\pgf@sys@shading@range@num=\count325
\pgf@shadingcount=\count326
) (/usr/local/texlive/2025/texmf-dist/tex/generic/pgf/basiclayer/pgfcoreimage.code.tex
File: pgfcoreimage.code.tex 2023-01-15 v3.1.10 (3.1.10)
) (/usr/local/texlive/2025/texmf-dist/tex/generic/pgf/basiclayer/pgfcoreexternal.code.tex
File: pgfcoreexternal.code.tex 2023-01-15 v3.1.10 (3.1.10)
\pgfexternal@startupbox=\box67
) (/usr/local/texlive/2025/texmf-dist/tex/generic/pgf/basiclayer/pgfcorelayers.code.tex
File: pgfcorelayers.code.tex 2023-01-15 v3.1.10 (3.1.10)
) (/usr/local/texlive/2025/texmf-dist/tex/generic/pgf/basiclayer/pgfcoretransparency.code.tex
File: pgfcoretransparency.code.tex 2023-01-15 v3.1.10 (3.1.10)
) (/usr/local/texlive/2025/texmf-dist/tex/generic/pgf/basiclayer/pgfcorepatterns.code.tex
File: pgfcorepatterns.code.tex 2023-01-15 v3.1.10 (3.1.10)
) (/usr/local/texlive/2025/texmf-dist/tex/generic/pgf/basiclayer/pgfcorerdf.code.tex
File: pgfcorerdf.code.tex 2023-01-15 v3.1.10 (3.1.10)
))) (/usr/local/texlive/2025/texmf-dist/tex/generic/pgf/modules/pgfmoduleshapes.code.tex
File: pgfmoduleshapes.code.tex 2023-01-15 v3.1.10 (3.1.10)
\pgfnodeparttextbox=\box68
) (/usr/local/texlive/2025/texmf-dist/tex/generic/pgf/modules/pgfmoduleplot.code.tex
File: pgfmoduleplot.code.tex 2023-01-15 v3.1.10 (3.1.10)
) (/usr/local/texlive/2025/texmf-dist/tex/latex/pgf/compatibility/pgfcomp-version-0-65.sty
Package: pgfcomp-version-0-65 2023-01-15 v3.1.10 (3.1.10)
\pgf@nodesepstart=\dimen258
\pgf@nodesepend=\dimen259
) (/usr/local/texlive/2025/texmf-dist/tex/latex/pgf/compatibility/pgfcomp-version-1-18.sty
Package: pgfcomp-version-1-18 2023-01-15 v3.1.10 (3.1.10)
)) (/usr/local/texlive/2025/texmf-dist/tex/latex/pgf/utilities/pgffor.sty (/usr/local/texlive/2025/texmf-dist/tex/latex/pgf/utilities/pgfkeys.sty (/usr/local/texlive/2025/texmf-dist/tex/generic/pgf/utilities/pgfkeys.code.tex)) (/usr/local/texlive/2025/texmf-dist/tex/latex/pgf/math/pgfmath.sty (/usr/local/texlive/2025/texmf-dist/tex/generic/pgf/math/pgfmath.code.tex)) (/usr/local/texlive/2025/texmf-dist/tex/generic/pgf/utilities/pgffor.code.tex
Package: pgffor 2023-01-15 v3.1.10 (3.1.10)
\pgffor@iter=\dimen260
\pgffor@skip=\dimen261
\pgffor@stack=\toks37
\pgffor@toks=\toks38
)) (/usr/local/texlive/2025/texmf-dist/tex/generic/pgf/frontendlayer/tikz/tikz.code.tex
Package: tikz 2023-01-15 v3.1.10 (3.1.10)
 (/usr/local/texlive/2025/texmf-dist/tex/generic/pgf/libraries/pgflibraryplothandlers.code.tex
File: pgflibraryplothandlers.code.tex 2023-01-15 v3.1.10 (3.1.10)
\pgf@plot@mark@count=\count327
\pgfplotmarksize=\dimen262
)
\tikz@lastx=\dimen263
\tikz@lasty=\dimen264
\tikz@lastxsaved=\dimen265
\tikz@lastysaved=\dimen266
\tikz@lastmovetox=\dimen267
\tikz@lastmovetoy=\dimen268
\tikzleveldistance=\dimen269
\tikzsiblingdistance=\dimen270
\tikz@figbox=\box69
\tikz@figbox@bg=\box70
\tikz@tempbox=\box71
\tikz@tempbox@bg=\box72
\tikztreelevel=\count328
\tikznumberofchildren=\count329
\tikznumberofcurrentchild=\count330
\tikz@fig@count=\count331
 (/usr/local/texlive/2025/texmf-dist/tex/generic/pgf/modules/pgfmodulematrix.code.tex
File: pgfmodulematrix.code.tex 2023-01-15 v3.1.10 (3.1.10)
\pgfmatrixcurrentrow=\count332
\pgfmatrixcurrentcolumn=\count333
\pgf@matrix@numberofcolumns=\count334
)
\tikz@expandcount=\count335
 (/usr/local/texlive/2025/texmf-dist/tex/generic/pgf/frontendlayer/tikz/libraries/tikzlibrarytopaths.code.tex
File: tikzlibrarytopaths.code.tex 2023-01-15 v3.1.10 (3.1.10)
))) (/usr/local/texlive/2025/texmf-dist/tex/generic/pgf/frontendlayer/tikz/libraries/tikzlibrarycalc.code.tex
File: tikzlibrarycalc.code.tex 2023-01-15 v3.1.10 (3.1.10)
) (/usr/local/texlive/2025/texmf-dist/tex/latex/forest/forest.sty
Package: forest 2017/07/14 v2.1.5 Drawing (linguistic) trees

(/usr/local/texlive/2025/texmf-dist/tex/generic/pgf/frontendlayer/tikz/libraries/tikzlibraryshapes.code.tex
File: tikzlibraryshapes.code.tex 2023-01-15 v3.1.10 (3.1.10)
 (/usr/local/texlive/2025/texmf-dist/tex/generic/pgf/frontendlayer/tikz/libraries/tikzlibraryshapes.geometric.code.tex
File: tikzlibraryshapes.geometric.code.tex 2023-01-15 v3.1.10 (3.1.10)
 (/usr/local/texlive/2025/texmf-dist/tex/generic/pgf/libraries/shapes/pgflibraryshapes.geometric.code.tex
File: pgflibraryshapes.geometric.code.tex 2023-01-15 v3.1.10 (3.1.10)
)) (/usr/local/texlive/2025/texmf-dist/tex/generic/pgf/frontendlayer/tikz/libraries/tikzlibraryshapes.misc.code.tex
File: tikzlibraryshapes.misc.code.tex 2023-01-15 v3.1.10 (3.1.10)
 (/usr/local/texlive/2025/texmf-dist/tex/generic/pgf/libraries/shapes/pgflibraryshapes.misc.code.tex
File: pgflibraryshapes.misc.code.tex 2023-01-15 v3.1.10 (3.1.10)
)) (/usr/local/texlive/2025/texmf-dist/tex/generic/pgf/frontendlayer/tikz/libraries/tikzlibraryshapes.symbols.code.tex
File: tikzlibraryshapes.symbols.code.tex 2023-01-15 v3.1.10 (3.1.10)
 (/usr/local/texlive/2025/texmf-dist/tex/generic/pgf/libraries/shapes/pgflibraryshapes.symbols.code.tex
File: pgflibraryshapes.symbols.code.tex 2023-01-15 v3.1.10 (3.1.10)
)) (/usr/local/texlive/2025/texmf-dist/tex/generic/pgf/frontendlayer/tikz/libraries/tikzlibraryshapes.arrows.code.tex
File: tikzlibraryshapes.arrows.code.tex 2023-01-15 v3.1.10 (3.1.10)
 (/usr/local/texlive/2025/texmf-dist/tex/generic/pgf/libraries/shapes/pgflibraryshapes.arrows.code.tex
File: pgflibraryshapes.arrows.code.tex 2023-01-15 v3.1.10 (3.1.10)
)) (/usr/local/texlive/2025/texmf-dist/tex/generic/pgf/frontendlayer/tikz/libraries/tikzlibraryshapes.callouts.code.tex (/usr/local/texlive/2025/texmf-dist/tex/generic/pgf/libraries/shapes/pgflibraryshapes.callouts.code.tex)) (/usr/local/texlive/2025/texmf-dist/tex/generic/pgf/frontendlayer/tikz/libraries/tikzlibraryshapes.multipart.code.tex
File: tikzlibraryshapes.multipart.code.tex 2023-01-15 v3.1.10 (3.1.10)
 (/usr/local/texlive/2025/texmf-dist/tex/generic/pgf/libraries/shapes/pgflibraryshapes.multipart.code.tex
File: pgflibraryshapes.multipart.code.tex 2023-01-15 v3.1.10 (3.1.10)
\pgfnodepartlowerbox=\box73
\pgfnodeparttwobox=\box74
\pgfnodepartthreebox=\box75
\pgfnodepartfourbox=\box76
\pgfnodeparttwentybox=\box77
\pgfnodepartnineteenbox=\box78
\pgfnodeparteighteenbox=\box79
\pgfnodepartseventeenbox=\box80
\pgfnodepartsixteenbox=\box81
\pgfnodepartfifteenbox=\box82
\pgfnodepartfourteenbox=\box83
\pgfnodepartthirteenbox=\box84
\pgfnodeparttwelvebox=\box85
\pgfnodepartelevenbox=\box86
\pgfnodeparttenbox=\box87
\pgfnodepartninebox=\box88
\pgfnodeparteightbox=\box89
\pgfnodepartsevenbox=\box90
\pgfnodepartsixbox=\box91
\pgfnodepartfivebox=\box92
))) (/usr/local/texlive/2025/texmf-dist/tex/generic/pgf/frontendlayer/tikz/libraries/tikzlibraryfit.code.tex
File: tikzlibraryfit.code.tex 2023-01-15 v3.1.10 (3.1.10)
) (/usr/local/texlive/2025/texmf-dist/tex/generic/pgf/libraries/pgflibraryintersections.code.tex (/usr/local/texlive/2025/texmf-dist/tex/generic/pgf/libraries/pgflibraryfpu.code.tex)
\pgf@intersect@solutions=\count336
) (/usr/local/texlive/2025/texmf-dist/tex/latex/pgfopts/pgfopts.sty
Package: pgfopts 2014/07/10 v2.1a LaTeX package options with pgfkeys
\pgfopts@list@add@a@toks=\toks39
\pgfopts@list@add@b@toks=\toks40
) (/usr/local/texlive/2025/texmf-dist/tex/latex/elocalloc/elocalloc.sty
Package: elocalloc 2016/12/15 v0.03 local allocation for LaTeX 2015+ (DPC)
) (/usr/local/texlive/2025/texmf-dist/tex/latex/environ/environ.sty
Package: environ 2014/05/04 v0.3 A new way to define environments
) (/usr/local/texlive/2025/texmf-dist/tex/latex/l3packages/xparse/xparse.sty
Package: xparse 2024-08-16 L3 Experimental document command parser
) (/usr/local/texlive/2025/texmf-dist/tex/latex/inlinedef/inlinedef.sty
Package: inlinedef 2008/07/10 v1.0 Inlined expansions within definitions
\ID@toks=\toks41
\ID@count=\count337
)
\ID@usercommands=\toks42
\safeloop@depth=\count338
\safeRKloop@depth=\count339
\forest@temp@dimen=\dimen271
\forest@temp@count=\count340
\forest@n=\count341
\forest@temp@global@count=\count342
\forest@temp@toks=\toks43
\forest@temparray@M=\count343
\forest@temparray@N=\count344
\forest@global@temparray@M=\count345
\forest@global@temparray@N=\count346
\forest@isnum@count=\count347
\forest@isdim@nonintpart=\count348
\forest@isdim@dimen=\dimen272
\forest@sort@m=\count349
\forest@sort@k=\count350
\forest@sort@p=\count351
\bracket@content=\toks44
\bracket@afterthought=\toks45
\forest@node@maxid=\count352
\forest@process@left@M=\count353
\forest@process@left@N=\count354
\forest@process@right@M=\count355
\forest@process@right@N=\count356
\forest@process@saved@M=\count357
\forest@process@saved@N=\count358
\forest@process@result@M=\count359
\forest@process@result@N=\count360
\forest@process@n=\count361
\forest@nodewalk@branch@toks=\toks46
\forest@nodewalk@shortsteps@resolution=\toks47
\forest@do@dynamics=\toks48
\forest@box=\box93
\forest@xg=\dimen273
\forest@yg=\dimen274
\forest@xs=\dimen275
\forest@ys=\dimen276
\forest@pi@toks=\toks49
\forest@segment@toks=\toks50
\forest@PIi@toks=\toks51
\forest@PIii@toks=\toks52
\forest@copy@in=\read3
\forest@copy@out=\write4
\forest@externalize@max@outer@n=\count362
\forest@externalize@inner@n=\count363
) (/usr/local/texlive/2025/texmf-dist/tex/latex/multirow/multirow.sty
Package: multirow 2024/11/12 v2.9 Span multiple rows of a table
\multirow@colwidth=\skip73
\multirow@cntb=\count364
\multirow@dima=\skip74
\bigstrutjot=\dimen277
) (/usr/local/texlive/2025/texmf-dist/tex/latex/tools/multicol.sty
Package: multicol 2024/09/14 v1.9i multicolumn formatting (FMi)
\c@tracingmulticols=\count365
\mult@box=\box94
\multicol@leftmargin=\dimen278
\c@unbalance=\count366
\c@collectmore=\count367
\doublecol@number=\count368
\multicoltolerance=\count369
\multicolpretolerance=\count370
\full@width=\dimen279
\page@free=\dimen280
\premulticols=\dimen281
\postmulticols=\dimen282
\multicolsep=\skip75
\multicolbaselineskip=\skip76
\partial@page=\box95
\last@line=\box96
\mc@boxedresult=\box97
\maxbalancingoverflow=\dimen283
\mult@rightbox=\box98
\mult@grightbox=\box99
\mult@firstbox=\box100
\mult@gfirstbox=\box101
\@tempa=\box102
\@tempa=\box103
\@tempa=\box104
\@tempa=\box105
\@tempa=\box106
\@tempa=\box107
\@tempa=\box108
\@tempa=\box109
\@tempa=\box110
\@tempa=\box111
\@tempa=\box112
\@tempa=\box113
\@tempa=\box114
\@tempa=\box115
\@tempa=\box116
\@tempa=\box117
\@tempa=\box118
\@tempa=\box119
\@tempa=\box120
\@tempa=\box121
\@tempa=\box122
\@tempa=\box123
\@tempa=\box124
\@tempa=\box125
\@tempa=\box126
\@tempa=\box127
\@tempa=\box128
\@tempa=\box129
\@tempa=\box130
\@tempa=\box131
\@tempa=\box132
\@tempa=\box133
\@tempa=\box134
\@tempa=\box135
\@tempa=\box136
\@tempa=\box137
\c@minrows=\count371
\c@columnbadness=\count372
\c@finalcolumnbadness=\count373
\last@try=\dimen284
\multicolovershoot=\dimen285
\multicolundershoot=\dimen286
\mult@nat@firstbox=\box138
\colbreak@box=\box139
\mc@col@check@num=\count374
) (/usr/local/texlive/2025/texmf-dist/tex/latex/tools/enumerate.sty
Package: enumerate 2023/07/04 v3.00 enumerate extensions (DPC)
\@enLab=\toks53
) (/usr/local/texlive/2025/texmf-dist/tex/latex/placeins/placeins.sty
Package: placeins 2005/04/18  v 2.2
) (/usr/local/texlive/2025/texmf-dist/tex/latex/fancyvrb/fancyvrb.sty
Package: fancyvrb 2024/01/20 4.5c verbatim text (tvz,hv)
\FV@CodeLineNo=\count375
\FV@InFile=\read4
\FV@TabBox=\box140
\c@FancyVerbLine=\count376
\FV@StepNumber=\count377
\FV@OutFile=\write5
) (/usr/local/texlive/2025/texmf-dist/tex/latex/listings/listings.sty
\lst@mode=\count378
\lst@gtempboxa=\box141
\lst@token=\toks54
\lst@length=\count379
\lst@currlwidth=\dimen287
\lst@column=\count380
\lst@pos=\count381
\lst@lostspace=\dimen288
\lst@width=\dimen289
\lst@newlines=\count382
\lst@lineno=\count383
\lst@maxwidth=\dimen290
 (/usr/local/texlive/2025/texmf-dist/tex/latex/listings/lstpatch.sty
File: lstpatch.sty 2024/09/23 1.10c (Carsten Heinz)
) (/usr/local/texlive/2025/texmf-dist/tex/latex/listings/lstmisc.sty
File: lstmisc.sty 2024/09/23 1.10c (Carsten Heinz)
\c@lstnumber=\count384
\lst@skipnumbers=\count385
\lst@framebox=\box142
) (/usr/local/texlive/2025/texmf-dist/tex/latex/listings/listings.cfg
File: listings.cfg 2024/09/23 1.10c listings configuration
))
Package: listings 2024/09/23 1.10c (Carsten Heinz)
 (/usr/local/texlive/2025/texmf-dist/tex/latex/pdfpages/pdfpages.sty
Package: pdfpages 2025/01/30 v0.6e Insert pages of external PDF documents (AM)
 (/usr/local/texlive/2025/texmf-dist/tex/latex/base/ifthen.sty
Package: ifthen 2024/03/16 v1.1e Standard LaTeX ifthen package (DPC)
) (/usr/local/texlive/2025/texmf-dist/tex/latex/tools/calc.sty
Package: calc 2023/07/08 v4.3 Infix arithmetic (KKT,FJ)
\calc@Acount=\count386
\calc@Bcount=\count387
\calc@Adimen=\dimen291
\calc@Bdimen=\dimen292
\calc@Askip=\skip77
\calc@Bskip=\skip78
LaTeX Info: Redefining \setlength on input line 80.
LaTeX Info: Redefining \addtolength on input line 81.
\calc@Ccount=\count388
\calc@Cskip=\skip79
) (/usr/local/texlive/2025/texmf-dist/tex/latex/eso-pic/eso-pic.sty
Package: eso-pic 2023/05/03 v3.0c eso-pic (RN)
\ESO@tempdima=\dimen293
\ESO@tempdimb=\dimen294
)
\AM@pagewidth=\dimen295
\AM@pageheight=\dimen296
\AM@fboxrule=\dimen297
 (/usr/local/texlive/2025/texmf-dist/tex/latex/pdfpages/pppdftex.def
File: pppdftex.def 2025/01/30 v0.6e Pdfpages driver for pdfTeX (AM)
)
\pdfpages@includegraphics@status=\count389
\AM@pagebox=\box143
\AM@global@opts=\toks55
\AM@pagecnt=\count390
\AM@toc@title=\toks56
\AM@lof@heading=\toks57
\c@AM@survey=\count391
\AM@templatesizebox=\box144
) (/usr/local/texlive/2025/texmf-dist/tex/latex/algorithms/algorithm.sty
Package: algorithm 2009/08/24 v0.1 Document Style `algorithm' - floating environment
\@float@every@algorithm=\toks58
\c@algorithm=\count392
) (/usr/local/texlive/2025/texmf-dist/tex/latex/algorithmicx/algpseudocode.sty
Package: algpseudocode 
 (/usr/local/texlive/2025/texmf-dist/tex/latex/algorithmicx/algorithmicx.sty
Package: algorithmicx 2005/04/27 v1.2 Algorithmicx

Document Style algorithmicx 1.2 - a greatly improved `algorithmic' style
\c@ALG@line=\count393
\c@ALG@rem=\count394
\c@ALG@nested=\count395
\ALG@tlm=\skip80
\ALG@thistlm=\skip81
\c@ALG@Lnr=\count396
\c@ALG@blocknr=\count397
\c@ALG@storecount=\count398
\c@ALG@tmpcounter=\count399
\ALG@tmplength=\skip82
)
Document Style - pseudocode environments for use with the `algorithmicx' style
) (/usr/local/texlive/2025/texmf-dist/tex/latex/caption/caption.sty
Package: caption 2023/08/05 v3.6o Customizing captions (AR)
 (/usr/local/texlive/2025/texmf-dist/tex/latex/caption/caption3.sty
Package: caption3 2023/07/31 v2.4d caption3 kernel (AR)
\caption@tempdima=\dimen298
\captionmargin=\dimen299
\caption@leftmargin=\dimen300
\caption@rightmargin=\dimen301
\caption@width=\dimen302
\caption@indent=\dimen303
\caption@parindent=\dimen304
\caption@hangindent=\dimen305
Package caption Info: Standard document class detected.
)
\c@caption@flags=\count400
\c@continuedfloat=\count401
Package caption Info: float package is loaded.
Package caption Info: hyperref package is loaded.
Package caption Info: listings package is loaded.
) (/usr/local/texlive/2025/texmf-dist/tex/latex/bookmark/bookmark.sty
Package: bookmark 2023-12-10 v1.31 PDF bookmarks (HO)
 (/usr/local/texlive/2025/texmf-dist/tex/latex/bookmark/bkm-pdftex.def
File: bkm-pdftex.def 2023-12-10 v1.31 bookmark driver for pdfTeX and luaTeX (HO)
\BKM@id=\count402
)) (./main.aux)
\openout1 = `main.aux'.

LaTeX Font Info:    Checking defaults for OML/cmm/m/it on input line 114.
LaTeX Font Info:    ... okay on input line 114.
LaTeX Font Info:    Checking defaults for OMS/cmsy/m/n on input line 114.
LaTeX Font Info:    ... okay on input line 114.
LaTeX Font Info:    Checking defaults for OT1/cmr/m/n on input line 114.
LaTeX Font Info:    ... okay on input line 114.
LaTeX Font Info:    Checking defaults for T1/cmr/m/n on input line 114.
LaTeX Font Info:    ... okay on input line 114.
LaTeX Font Info:    Checking defaults for TS1/cmr/m/n on input line 114.
LaTeX Font Info:    ... okay on input line 114.
LaTeX Font Info:    Checking defaults for OMX/cmex/m/n on input line 114.
LaTeX Font Info:    ... okay on input line 114.
LaTeX Font Info:    Checking defaults for U/cmr/m/n on input line 114.
LaTeX Font Info:    ... okay on input line 114.
LaTeX Font Info:    Checking defaults for PD1/pdf/m/n on input line 114.
LaTeX Font Info:    ... okay on input line 114.
LaTeX Font Info:    Checking defaults for PU/pdf/m/n on input line 114.
LaTeX Font Info:    ... okay on input line 114.
 (/usr/local/texlive/2025/texmf-dist/tex/context/base/mkii/supp-pdf.mkii
[Loading MPS to PDF converter (version 2006.09.02).]
\scratchcounter=\count403
\scratchdimen=\dimen306
\scratchbox=\box145
\nofMPsegments=\count404
\nofMParguments=\count405
\everyMPshowfont=\toks59
\MPscratchCnt=\count406
\MPscratchDim=\dimen307
\MPnumerator=\count407
\makeMPintoPDFobject=\count408
\everyMPtoPDFconversion=\toks60
) (/usr/local/texlive/2025/texmf-dist/tex/latex/epstopdf-pkg/epstopdf-base.sty
Package: epstopdf-base 2020-01-24 v2.11 Base part for package epstopdf
Package epstopdf-base Info: Redefining graphics rule for `.eps' on input line 485.
 (/usr/local/texlive/2025/texmf-dist/tex/latex/latexconfig/epstopdf-sys.cfg
File: epstopdf-sys.cfg 2010/07/13 v1.3 Configuration of (r)epstopdf for TeX Live
))
Package hyperref Info: Link coloring ON on input line 114.

*geometry* driver: auto-detecting
*geometry* detected driver: pdftex
*geometry* verbose mode - [ preamble ] result:
* driver: pdftex
* paper: <default>
* layout: <same size as paper>
* layoutoffset:(h,v)=(0.0pt,0.0pt)
* modes: 
* h-part:(L,W,R)=(54.2025pt, 505.89pt, 54.2025pt)
* v-part:(T,H,B)=(54.2025pt, 668.4975pt, 72.26999pt)
* \paperwidth=614.295pt
* \paperheight=794.96999pt
* \textwidth=505.89pt
* \textheight=668.4975pt
* \oddsidemargin=-18.06749pt
* \evensidemargin=-18.06749pt
* \topmargin=-55.06749pt
* \headheight=29.43912pt
* \headsep=25.0pt
* \topskip=12.0pt
* \footskip=30.0pt
* \marginparwidth=44.0pt
* \marginparsep=10.0pt
* \columnsep=10.0pt
* \skip\footins=10.8pt plus 4.0pt minus 2.0pt
* \hoffset=0.0pt
* \voffset=0.0pt
* \mag=1000
* \@twocolumnfalse
* \@twosidefalse
* \@mparswitchfalse
* \@reversemarginfalse
* (1in=72.27pt=25.4mm, 1cm=28.453pt)

\c@lstlisting=\count409
Package caption Info: Begin \AtBeginDocument code.
Package caption Info: End \AtBeginDocument code.

LaTeX DocumentMetadata Warning: The language has not been set in
(DocumentMetadata)              \DocumentMetadata.
(DocumentMetadata)              Setting it to 'en' as fallback.

(./Information_Page.tex
<Image/hcmus-logo.png, id=6, 597.9138pt x 597.9138pt>
File: Image/hcmus-logo.png Graphic file (type png)
<use Image/hcmus-logo.png>
Package pdftex.def Info: Image/hcmus-logo.png  used on input line 34.
(pdftex.def)             Requested size: 209.27296pt x 209.27296pt.


[1

{/usr/local/texlive/2025/texmf-var/fonts/map/pdftex/updmap/pdftex.map}{/usr/local/texlive/2025/texmf-dist/fonts/enc/dvips/cm-super/cm-super-t1.enc} <./Image/hcmus-logo.png>]) (./main.toc
LaTeX Font Info:    Trying to load font information for U+msa on input line 2.
 (/usr/local/texlive/2025/texmf-dist/tex/latex/amsfonts/umsa.fd
File: umsa.fd 2013/01/14 v3.01 AMS symbols A
)
LaTeX Font Info:    Trying to load font information for U+msb on input line 2.
 (/usr/local/texlive/2025/texmf-dist/tex/latex/amsfonts/umsb.fd
File: umsb.fd 2013/01/14 v3.01 AMS symbols B
)


pdfTeX warning (ext4): destination with the same identifier (name{page.1}) has been already used, duplicate ignored
<to be read again> 
                   \scan_stop: 
l.43 ...ignment Evidence}{31}{subsubsection.5.1.3}
                                                  % [1])
\tf@toc=\write6
\openout6 = `main.toc'.



[2] (./Introduction_Page.tex
<Image/registration.png, id=147, 1927.2pt x 1084.05pt>
File: Image/registration.png Graphic file (type png)
<use Image/registration.png>
Package pdftex.def Info: Image/registration.png  used on input line 30.
(pdftex.def)             Requested size: 481.79883pt x 271.01184pt.
) (./1_Overview.tex

[3{/usr/local/texlive/2025/texmf-dist/fonts/enc/dvips/cm-super/cm-super-ts1.enc} <./Image/registration.png>]) (./2_Course_1.tex

[4]
<Image/c1.png, id=164, 1060.96375pt x 715.67375pt>
File: Image/c1.png Graphic file (type png)
<use Image/c1.png>
Package pdftex.def Info: Image/c1.png  used on input line 9.
(pdftex.def)             Requested size: 530.48058pt x 357.836pt.

Overfull \hbox (24.59058pt too wide) in paragraph at lines 9--10
 [][] 
 []



[5 <./Image/c1.png>]
<Image/c1_w1.png, id=175, 1927.2pt x 1084.05pt>
File: Image/c1_w1.png Graphic file (type png)
<use Image/c1_w1.png>
Package pdftex.def Info: Image/c1_w1.png  used on input line 39.
(pdftex.def)             Requested size: 481.79883pt x 271.01184pt.
<Image/c1_w1_q1.png, id=176, 1927.2pt x 1084.05pt>
File: Image/c1_w1_q1.png Graphic file (type png)
<use Image/c1_w1_q1.png>
Package pdftex.def Info: Image/c1_w1_q1.png  used on input line 46.
(pdftex.def)             Requested size: 481.79883pt x 271.01184pt.


[6 <./Image/c1_w1.png>]
<Image/c1_w1_q2.png, id=187, 1927.2pt x 1084.05pt>
File: Image/c1_w1_q2.png Graphic file (type png)
<use Image/c1_w1_q2.png>
Package pdftex.def Info: Image/c1_w1_q2.png  used on input line 52.
(pdftex.def)             Requested size: 481.79883pt x 271.01184pt.
<Image/c1_w1_q3.png, id=188, 1927.2pt x 1084.05pt>
File: Image/c1_w1_q3.png Graphic file (type png)
<use Image/c1_w1_q3.png>
Package pdftex.def Info: Image/c1_w1_q3.png  used on input line 58.
(pdftex.def)             Requested size: 481.79883pt x 271.01184pt.


[7 <./Image/c1_w1_q1.png> <./Image/c1_w1_q2.png>]
<Image/c1_w2.png, id=198, 1475.5125pt x 955.57pt>
File: Image/c1_w2.png Graphic file (type png)
<use Image/c1_w2.png>
Package pdftex.def Info: Image/c1_w2.png  used on input line 85.
(pdftex.def)             Requested size: 368.87723pt x 238.8919pt.


[8 <./Image/c1_w1_q3.png>]
<Image/c1_w2_q1.png, id=206, 1475.5125pt x 959.585pt>
File: Image/c1_w2_q1.png Graphic file (type png)
<use Image/c1_w2_q1.png>
Package pdftex.def Info: Image/c1_w2_q1.png  used on input line 92.
(pdftex.def)             Requested size: 368.87723pt x 239.89566pt.
<Image/c1_w2_q2.png, id=207, 1475.5125pt x 959.585pt>
File: Image/c1_w2_q2.png Graphic file (type png)
<use Image/c1_w2_q2.png>
Package pdftex.def Info: Image/c1_w2_q2.png  used on input line 98.
(pdftex.def)             Requested size: 368.87723pt x 239.89566pt.


[9 <./Image/c1_w2.png> <./Image/c1_w2_q1.png>]
<Image/c1_w2_q3.png, id=216, 1475.5125pt x 959.585pt>
File: Image/c1_w2_q3.png Graphic file (type png)
<use Image/c1_w2_q3.png>
Package pdftex.def Info: Image/c1_w2_q3.png  used on input line 104.
(pdftex.def)             Requested size: 368.87723pt x 239.89566pt.


[10 <./Image/c1_w2_q2.png> <./Image/c1_w2_q3.png>]
<Image/c1_w3.png, id=225, 1475.5125pt x 959.585pt>
File: Image/c1_w3.png Graphic file (type png)
<use Image/c1_w3.png>
Package pdftex.def Info: Image/c1_w3.png  used on input line 141.
(pdftex.def)             Requested size: 368.87723pt x 239.89566pt.
<Image/c1_w3_q1.png, id=226, 1475.5125pt x 959.585pt>
File: Image/c1_w3_q1.png Graphic file (type png)
<use Image/c1_w3_q1.png>
Package pdftex.def Info: Image/c1_w3_q1.png  used on input line 148.
(pdftex.def)             Requested size: 368.87723pt x 239.89566pt.


[11 <./Image/c1_w3.png>]
<Image/c1_w3_q2.png, id=236, 1475.5125pt x 959.585pt>
File: Image/c1_w3_q2.png Graphic file (type png)
<use Image/c1_w3_q2.png>
Package pdftex.def Info: Image/c1_w3_q2.png  used on input line 154.
(pdftex.def)             Requested size: 368.87723pt x 239.89566pt.
<Image/c1_w3_q3.png, id=237, 1475.5125pt x 959.585pt>
File: Image/c1_w3_q3.png Graphic file (type png)
<use Image/c1_w3_q3.png>
Package pdftex.def Info: Image/c1_w3_q3.png  used on input line 160.
(pdftex.def)             Requested size: 368.87723pt x 239.89566pt.


[12 <./Image/c1_w3_q1.png> <./Image/c1_w3_q2.png>]
<Image/c1_w3_q4.png, id=247, 1475.5125pt x 959.585pt>
File: Image/c1_w3_q4.png Graphic file (type png)
<use Image/c1_w3_q4.png>
Package pdftex.def Info: Image/c1_w3_q4.png  used on input line 166.
(pdftex.def)             Requested size: 368.87723pt x 239.89566pt.
<Image/c1_w3_q5.png, id=248, 1475.5125pt x 959.585pt>
File: Image/c1_w3_q5.png Graphic file (type png)
<use Image/c1_w3_q5.png>
Package pdftex.def Info: Image/c1_w3_q5.png  used on input line 172.
(pdftex.def)             Requested size: 368.87723pt x 239.89566pt.


[13 <./Image/c1_w3_q3.png> <./Image/c1_w3_q4.png>]
<Image/c1_certi.png, id=257, 1329.96875pt x 1024.82875pt>
File: Image/c1_certi.png Graphic file (type png)
<use Image/c1_certi.png>
Package pdftex.def Info: Image/c1_certi.png  used on input line 179.
(pdftex.def)             Requested size: 332.49138pt x 256.20656pt.
) (./3_Course_2.tex

[14 <./Image/c1_w3_q5.png> <./Image/c1_certi.png>]
<Image/c2.png, id=266, 1475.5125pt x 958.58125pt>
File: Image/c2.png Graphic file (type png)
<use Image/c2.png>
Package pdftex.def Info: Image/c2.png  used on input line 9.
(pdftex.def)             Requested size: 442.65717pt x 287.5766pt.


[15 <./Image/c2.png>]
<Image/c2_w1.png, id=273, 1284.8pt x 832.10875pt>
File: Image/c2_w1.png Graphic file (type png)
<use Image/c2_w1.png>
Package pdftex.def Info: Image/c2_w1.png  used on input line 36.
(pdftex.def)             Requested size: 321.19922pt x 208.02667pt.
<Image/c2_w1_q1.png, id=274, 1475.5125pt x 959.585pt>
File: Image/c2_w1_q1.png Graphic file (type png)
<use Image/c2_w1_q1.png>
Package pdftex.def Info: Image/c2_w1_q1.png  used on input line 43.
(pdftex.def)             Requested size: 398.3937pt x 259.09142pt.


[16 <./Image/c2_w1.png>]
<Image/c2_w1_q2.png, id=281, 1475.5125pt x 959.585pt>
File: Image/c2_w1_q2.png Graphic file (type png)
<use Image/c2_w1_q2.png>
Package pdftex.def Info: Image/c2_w1_q2.png  used on input line 49.
(pdftex.def)             Requested size: 398.3937pt x 259.09142pt.
<Image/c2_w1_q3.png, id=282, 1475.5125pt x 959.585pt>
File: Image/c2_w1_q3.png Graphic file (type png)
<use Image/c2_w1_q3.png>
Package pdftex.def Info: Image/c2_w1_q3.png  used on input line 55.
(pdftex.def)             Requested size: 398.3937pt x 259.09142pt.


[17 <./Image/c2_w1_q1.png> <./Image/c2_w1_q2.png>]
<Image/c2_w1_q4.png, id=291, 1475.5125pt x 959.585pt>
File: Image/c2_w1_q4.png Graphic file (type png)
<use Image/c2_w1_q4.png>
Package pdftex.def Info: Image/c2_w1_q4.png  used on input line 61.
(pdftex.def)             Requested size: 398.3937pt x 259.09142pt.
<Image/c2_w1_q5.png, id=292, 1475.5125pt x 959.585pt>
File: Image/c2_w1_q5.png Graphic file (type png)
<use Image/c2_w1_q5.png>
Package pdftex.def Info: Image/c2_w1_q5.png  used on input line 67.
(pdftex.def)             Requested size: 398.3937pt x 259.09142pt.


[18 <./Image/c2_w1_q3.png> <./Image/c2_w1_q4.png>]
<Image/c2_w2.png, id=302, 1284.8pt x 832.10875pt>
File: Image/c2_w2.png Graphic file (type png)
<use Image/c2_w2.png>
Package pdftex.def Info: Image/c2_w2.png  used on input line 98.
(pdftex.def)             Requested size: 346.90063pt x 224.67236pt.


[19 <./Image/c2_w1_q5.png>]
<Image/c2_w2_q1.png, id=309, 1475.5125pt x 959.585pt>
File: Image/c2_w2_q1.png Graphic file (type png)
<use Image/c2_w2_q1.png>
Package pdftex.def Info: Image/c2_w2_q1.png  used on input line 105.
(pdftex.def)             Requested size: 368.87723pt x 239.89566pt.
<Image/c2_w2_q2.png, id=310, 1475.5125pt x 959.585pt>
File: Image/c2_w2_q2.png Graphic file (type png)
<use Image/c2_w2_q2.png>
Package pdftex.def Info: Image/c2_w2_q2.png  used on input line 111.
(pdftex.def)             Requested size: 398.3937pt x 259.09142pt.


[20 <./Image/c2_w2.png> <./Image/c2_w2_q1.png>]
<Image/c2_w2_q3.png, id=319, 1475.5125pt x 959.585pt>
File: Image/c2_w2_q3.png Graphic file (type png)
<use Image/c2_w2_q3.png>
Package pdftex.def Info: Image/c2_w2_q3.png  used on input line 117.
(pdftex.def)             Requested size: 398.3937pt x 259.09142pt.
<Image/c2_w2_q4.png, id=320, 1475.5125pt x 959.585pt>
File: Image/c2_w2_q4.png Graphic file (type png)
<use Image/c2_w2_q4.png>
Package pdftex.def Info: Image/c2_w2_q4.png  used on input line 123.
(pdftex.def)             Requested size: 398.3937pt x 259.09142pt.


[21 <./Image/c2_w2_q2.png> <./Image/c2_w2_q3.png>]
<Image/c2_w2_q5.png, id=329, 1475.5125pt x 959.585pt>
File: Image/c2_w2_q5.png Graphic file (type png)
<use Image/c2_w2_q5.png>
Package pdftex.def Info: Image/c2_w2_q5.png  used on input line 129.
(pdftex.def)             Requested size: 398.3937pt x 259.09142pt.


[22 <./Image/c2_w2_q4.png> <./Image/c2_w2_q5.png>]
Overfull \hbox (9.9956pt too wide) in paragraph at lines 151--152
[]\T1/cmr/bx/n/12 Iterative Loop of ML De-vel-op-ment: \T1/cmr/m/n/12 Em-braced the cy-cle of \T1/cmtt/m/n/12 Idea -> Code -> Experiment\T1/cmr/m/n/12 .
 []

<Image/c2_w3.png, id=338, 1475.5125pt x 923.45pt>
File: Image/c2_w3.png Graphic file (type png)
<use Image/c2_w3.png>
Package pdftex.def Info: Image/c2_w3.png  used on input line 157.
(pdftex.def)             Requested size: 398.3937pt x 249.33482pt.
<Image/c2_w3_q1.png, id=339, 1475.5125pt x 959.585pt>
File: Image/c2_w3_q1.png Graphic file (type png)
<use Image/c2_w3_q1.png>
Package pdftex.def Info: Image/c2_w3_q1.png  used on input line 164.
(pdftex.def)             Requested size: 368.87723pt x 239.89566pt.


[23 <./Image/c2_w3.png>]
<Image/c2_w3_q2.png, id=346, 1475.5125pt x 959.585pt>
File: Image/c2_w3_q2.png Graphic file (type png)
<use Image/c2_w3_q2.png>
Package pdftex.def Info: Image/c2_w3_q2.png  used on input line 170.
(pdftex.def)             Requested size: 398.3937pt x 259.09142pt.
<Image/c2_w3_q3.png, id=347, 1475.5125pt x 959.585pt>
File: Image/c2_w3_q3.png Graphic file (type png)
<use Image/c2_w3_q3.png>
Package pdftex.def Info: Image/c2_w3_q3.png  used on input line 176.
(pdftex.def)             Requested size: 398.3937pt x 259.09142pt.


[24 <./Image/c2_w3_q1.png> <./Image/c2_w3_q2.png>]
<Image/c2_w3_q4.png, id=358, 1475.5125pt x 959.585pt>
File: Image/c2_w3_q4.png Graphic file (type png)
<use Image/c2_w3_q4.png>
Package pdftex.def Info: Image/c2_w3_q4.png  used on input line 182.
(pdftex.def)             Requested size: 398.3937pt x 259.09142pt.


[25 <./Image/c2_w3_q3.png> <./Image/c2_w3_q4.png>]
<Image/c2_w4.png, id=367, 1475.5125pt x 956.57375pt>
File: Image/c2_w4.png Graphic file (type png)
<use Image/c2_w4.png>
Package pdftex.def Info: Image/c2_w4.png  used on input line 211.
(pdftex.def)             Requested size: 368.87723pt x 239.14285pt.
<Image/c2_w4_q1.png, id=368, 1475.5125pt x 957.5775pt>
File: Image/c2_w4_q1.png Graphic file (type png)
<use Image/c2_w4_q1.png>
Package pdftex.def Info: Image/c2_w4_q1.png  used on input line 218.
(pdftex.def)             Requested size: 368.87723pt x 239.39378pt.


[26 <./Image/c2_w4.png>]
<Image/c2_w4_q2.png, id=375, 1470.49374pt x 955.57pt>
File: Image/c2_w4_q2.png Graphic file (type png)
<use Image/c2_w4_q2.png>
Package pdftex.def Info: Image/c2_w4_q2.png  used on input line 224.
(pdftex.def)             Requested size: 367.62254pt x 238.8919pt.
<Image/c2_w4_q3.png, id=376, 1475.5125pt x 957.5775pt>
File: Image/c2_w4_q3.png Graphic file (type png)
<use Image/c2_w4_q3.png>
Package pdftex.def Info: Image/c2_w4_q3.png  used on input line 230.
(pdftex.def)             Requested size: 368.87723pt x 239.39378pt.


[27 <./Image/c2_w4_q1.png> <./Image/c2_w4_q2.png>]
<Image/c2_w4_q4.png, id=385, 1475.5125pt x 957.5775pt>
File: Image/c2_w4_q4.png Graphic file (type png)
<use Image/c2_w4_q4.png>
Package pdftex.def Info: Image/c2_w4_q4.png  used on input line 237.
(pdftex.def)             Requested size: 368.87723pt x 239.39378pt.
<Image/c2_certi.png, id=386, 1329.96875pt x 1025.8325pt>
File: Image/c2_certi.png Graphic file (type png)
<use Image/c2_certi.png>
Package pdftex.def Info: Image/c2_certi.png  used on input line 244.
(pdftex.def)             Requested size: 332.49138pt x 256.4575pt.


[28 <./Image/c2_w4_q3.png> <./Image/c2_w4_q4.png>]) (./4_Course_3.tex
Overfull \hbox (3.59555pt too wide) in paragraph at lines 2--2
[]\T1/cmr/bx/n/17.28 Unsupervised Learn-ing, Rec-om-menders, and Re-in-force-ment
 []

<Image/c3.png, id=395, 1475.5125pt x 861.2175pt>
File: Image/c3.png Graphic file (type png)
<use Image/c3.png>
Package pdftex.def Info: Image/c3.png  used on input line 9.
(pdftex.def)             Requested size: 295.09727pt x 172.24045pt.


[29 <./Image/c2_certi.png> <./Image/c3.png>]
<Image/c3_w1.png, id=404, 1475.5125pt x 956.57375pt>
File: Image/c3_w1.png Graphic file (type png)
<use Image/c3_w1.png>
Package pdftex.def Info: Image/c3_w1.png  used on input line 40.
(pdftex.def)             Requested size: 368.87723pt x 239.14285pt.
<Image/c3_w1_q1.png, id=405, 1475.5125pt x 956.57375pt>
File: Image/c3_w1_q1.png Graphic file (type png)
<use Image/c3_w1_q1.png>
Package pdftex.def Info: Image/c3_w1_q1.png  used on input line 47.
(pdftex.def)             Requested size: 398.3937pt x 258.27837pt.


[30 <./Image/c3_w1.png>]
<Image/c3_w1_q2.png, id=413, 1475.5125pt x 957.5775pt>
File: Image/c3_w1_q2.png Graphic file (type png)
<use Image/c3_w1_q2.png>
Package pdftex.def Info: Image/c3_w1_q2.png  used on input line 53.
(pdftex.def)             Requested size: 398.3937pt x 258.54938pt.
<Image/c3_w1_q3.png, id=414, 1472.50125pt x 954.56625pt>
File: Image/c3_w1_q3.png Graphic file (type png)
<use Image/c3_w1_q3.png>
Package pdftex.def Info: Image/c3_w1_q3.png  used on input line 59.
(pdftex.def)             Requested size: 397.58066pt x 257.73633pt.


[31 <./Image/c3_w1_q1.png> <./Image/c3_w1_q2.png>]
<Image/c3_w1_q4.png, id=423, 1475.5125pt x 957.5775pt>
File: Image/c3_w1_q4.png Graphic file (type png)
<use Image/c3_w1_q4.png>
Package pdftex.def Info: Image/c3_w1_q4.png  used on input line 66.
(pdftex.def)             Requested size: 398.3937pt x 258.54938pt.


[32 <./Image/c3_w1_q3.png> <./Image/c3_w1_q4.png>]
<Image/c3_w2.png, id=432, 1284.8pt x 831.105pt>
File: Image/c3_w2.png Graphic file (type png)
<use Image/c3_w2.png>
Package pdftex.def Info: Image/c3_w2.png  used on input line 94.
(pdftex.def)             Requested size: 449.68674pt x 290.8911pt.
<Image/c3_w2_q1.png, id=433, 1284.8pt x 832.10875pt>
File: Image/c3_w2_q1.png Graphic file (type png)
<use Image/c3_w2_q1.png>
Package pdftex.def Info: Image/c3_w2_q1.png  used on input line 101.
(pdftex.def)             Requested size: 346.90063pt x 224.67236pt.


[33 <./Image/c3_w2.png>]
<Image/c3_w2_q2.png, id=440, 1284.8pt x 831.105pt>
File: Image/c3_w2_q2.png Graphic file (type png)
<use Image/c3_w2_q2.png>
Package pdftex.def Info: Image/c3_w2_q2.png  used on input line 107.
(pdftex.def)             Requested size: 346.90063pt x 224.40134pt.
<Image/c3_w2_q3.png, id=441, 1284.8pt x 832.10875pt>
File: Image/c3_w2_q3.png Graphic file (type png)
<use Image/c3_w2_q3.png>
Package pdftex.def Info: Image/c3_w2_q3.png  used on input line 113.
(pdftex.def)             Requested size: 346.90063pt x 224.67236pt.


[34 <./Image/c3_w2_q1.png> <./Image/c3_w2_q2.png>]
<Image/c3_w2_q4.png, id=450, 1282.7925pt x 832.10875pt>
File: Image/c3_w2_q4.png Graphic file (type png)
<use Image/c3_w2_q4.png>
Package pdftex.def Info: Image/c3_w2_q4.png  used on input line 119.
(pdftex.def)             Requested size: 346.3586pt x 224.67236pt.
<Image/c3_w2_q5.png, id=451, 1282.7925pt x 830.10126pt>
File: Image/c3_w2_q5.png Graphic file (type png)
<use Image/c3_w2_q5.png>
Package pdftex.def Info: Image/c3_w2_q5.png  used on input line 125.
(pdftex.def)             Requested size: 346.3586pt x 224.13034pt.


[35 <./Image/c3_w2_q3.png> <./Image/c3_w2_q4.png>]
<Image/c3_w3.png, id=460, 1475.5125pt x 954.56625pt>
File: Image/c3_w3.png Graphic file (type png)
<use Image/c3_w3.png>
Package pdftex.def Info: Image/c3_w3.png  used on input line 153.
(pdftex.def)             Requested size: 368.87723pt x 238.64098pt.


[36 <./Image/c3_w2_q5.png>]
<Image/c3_w3_q1.png, id=468, 1474.50874pt x 955.57pt>
File: Image/c3_w3_q1.png Graphic file (type png)
<use Image/c3_w3_q1.png>
Package pdftex.def Info: Image/c3_w3_q1.png  used on input line 160.
(pdftex.def)             Requested size: 368.62628pt x 238.8919pt.
<Image/c3_w3_q2.png, id=469, 1475.5125pt x 953.5625pt>
File: Image/c3_w3_q2.png Graphic file (type png)
<use Image/c3_w3_q2.png>
Package pdftex.def Info: Image/c3_w3_q2.png  used on input line 166.
(pdftex.def)             Requested size: 368.87723pt x 238.39005pt.


[37 <./Image/c3_w3.png> <./Image/c3_w3_q1.png>]
<Image/c3_w3_q3.png, id=478, 1282.7925pt x 834.11626pt>
File: Image/c3_w3_q3.png Graphic file (type png)
<use Image/c3_w3_q3.png>
Package pdftex.def Info: Image/c3_w3_q3.png  used on input line 172.
(pdftex.def)             Requested size: 320.69734pt x 208.52855pt.
<Image/c3_w3_q4.png, id=479, 1284.8pt x 832.10875pt>
File: Image/c3_w3_q4.png Graphic file (type png)
<use Image/c3_w3_q4.png>
Package pdftex.def Info: Image/c3_w3_q4.png  used on input line 179.
(pdftex.def)             Requested size: 321.19922pt x 208.02667pt.


[38 <./Image/c3_w3_q2.png> <./Image/c3_w3_q3.png>]
<Image/c3_certi.png, id=488, 1016.79875pt x 783.92876pt>
File: Image/c3_certi.png Graphic file (type png)
<use Image/c3_certi.png>
Package pdftex.def Info: Image/c3_certi.png  used on input line 186.
(pdftex.def)             Requested size: 355.8849pt x 274.37918pt.
) (./5_Conclusion.tex
Overfull \hbox (1.84024pt too wide) in paragraph at lines 5--5
[]\T1/cmr/bx/n/17.28 Conclusion: A Com-pre-hen-sive Jour-ney into Ma-chine Learn-
 []



[39 <./Image/c3_w3_q4.png> <./Image/c3_certi.png>]) (./6_Certificate.tex

[40]
<Image/course_certi.png, id=501, 1018.80624pt x 784.9325pt>
File: Image/course_certi.png Graphic file (type png)
<use Image/course_certi.png>
Package pdftex.def Info: Image/course_certi.png  used on input line 16.
(pdftex.def)             Requested size: 407.51527pt x 313.96744pt.
)

[41 <./Image/course_certi.png>] (./main.aux)
 ***********
LaTeX2e <2024-11-01> patch level 2
L3 programming layer <2025-01-18>
 ***********
 ) 
Here is how much of TeX's memory you used:
 39373 strings out of 473190
 865032 string characters out of 5715799
 1543432 words of memory out of 5000000
 61870 multiletter control sequences out of 15000+600000
 574379 words of font info for 70 fonts, out of 8000000 for 9000
 1141 hyphenation exceptions out of 8191
 94i,12n,93p,1645b,623s stack positions out of 10000i,1000n,20000p,200000b,200000s
</usr/local/texlive/2025/texmf-dist/fonts/type1/public/amsfonts/cm/cmex10.pfb></usr/local/texlive/2025/texmf-dist/fonts/type1/public/amsfonts/cm/cmmi12.pfb></usr/local/texlive/2025/texmf-dist/fonts/type1/public/amsfonts/cm/cmmi6.pfb></usr/local/texlive/2025/texmf-dist/fonts/type1/public/amsfonts/cm/cmmi8.pfb></usr/local/texlive/2025/texmf-dist/fonts/type1/public/amsfonts/cm/cmr12.pfb></usr/local/texlive/2025/texmf-dist/fonts/type1/public/amsfonts/cm/cmr8.pfb></usr/local/texlive/2025/texmf-dist/fonts/type1/public/amsfonts/cm/cmsy10.pfb></usr/local/texlive/2025/texmf-dist/fonts/type1/public/amsfonts/cm/cmsy6.pfb></usr/local/texlive/2025/texmf-dist/fonts/type1/public/cm-super/sfbx1200.pfb></usr/local/texlive/2025/texmf-dist/fonts/type1/public/cm-super/sfbx1440.pfb></usr/local/texlive/2025/texmf-dist/fonts/type1/public/cm-super/sfbx1728.pfb></usr/local/texlive/2025/texmf-dist/fonts/type1/public/cm-super/sfbx2488.pfb></usr/local/texlive/2025/texmf-dist/fonts/type1/public/cm-super/sfcc1200.pfb></usr/local/texlive/2025/texmf-dist/fonts/type1/public/cm-super/sfcc1440.pfb></usr/local/texlive/2025/texmf-dist/fonts/type1/public/cm-super/sfcc1728.pfb></usr/local/texlive/2025/texmf-dist/fonts/type1/public/cm-super/sfcc2074.pfb></usr/local/texlive/2025/texmf-dist/fonts/type1/public/cm-super/sfrm1200.pfb></usr/local/texlive/2025/texmf-dist/fonts/type1/public/cm-super/sfrm1440.pfb></usr/local/texlive/2025/texmf-dist/fonts/type1/public/cm-super/sfti1200.pfb></usr/local/texlive/2025/texmf-dist/fonts/type1/public/cm-super/sfti1440.pfb></usr/local/texlive/2025/texmf-dist/fonts/type1/public/cm-super/sftt1200.pfb>
Output written on main.pdf (42 pages, 19555342 bytes).
PDF statistics:
 810 PDF objects out of 1000 (max. 8388607)
 592 compressed objects within 6 object streams
 165 named destinations out of 1000 (max. 500000)
 766 words of extra memory for PDF output out of 10000 (max. 10000000)

